// Jest Snapshot v1, https://goo.gl/fbAQLP

exports[`Squareの検証 表示がスナップショットと一致すること 1`] = `
<button
  className="square"
  onClick={[Function]}
>
  X
</button>
`;
